// Jest Snapshot v1, https://goo.gl/fbAQLP

exports[`Search component should render snapshot 1`] = `
<div
  className="Search-container"
>
  <span
    className="Search-Icon"
  >
    <i
      aria-hidden="true"
      className="fa fa-search"
    />
  </span>
  <input
    aria-label="Search"
    className="Search-Input"
    onChange={[Function]}
    placeholder="Search stories by title, url or author"
    type="text"
  />
</div>
`;

exports[`Search component should render snapshot 2`] = `
<div
  className="Search-container"
>
  <span
    className="Search-Icon"
  >
    <i
      aria-hidden="true"
      className="fa fa-search"
    />
  </span>
  <input
    aria-label="Search"
    className="Search-Input"
    onChange={[Function]}
    placeholder="Search stories by title, url or author"
    type="text"
  />
</div>
`;
